[Buenos días, [PROPIETARIO] 🌞]

Queremos expresarle nuestra más sincera gratitud por estar siempre al día con sus aportes de administración. Su puntualidad es fundamental para mantener la hermosa imagen de nuestro [APARTAMENTO] y asegurar la tranquilidad de todos los vecinos. Su compromiso con la comunidad es apreciado y valorado en gran medida.
---
Hola [PROPIETARIO], 🌞

Espero que estés bien. Me gustaría recordarte que el pago de la administración del [APARTAMENTO] es fundamental para mantener la belleza y el funcionamiento de nuestra copropiedad 🏢. Pagar a tiempo ayuda a evitar problemas y mantener un ambiente agradable para todos los residentes 🤝. Por favor, no dudes en contactarme si tienes alguna pregunta o inquietud sobre tus pagos 💡.
